// Jest Snapshot v1, https://goo.gl/fbAQLP

exports[`ContextMenu tests does not shows when event with incorrect "id" is triggered 1`] = `
<ContextMenu
  className=""
  data={Object {}}
  hideOnLeave={false}
  hideOnScroll={true}
  id="CORRECT_ID"
  onHide={[Function]}
  onMouseLeave={[Function]}
  onShow={[Function]}
>
  <div
    style={
      Object {
        "position": "relative",
      }
    }
  >
    <nav
      className="react-contextmenu react-contextmenu-root"
      onContextMenu={[Function]}
      onMouseLeave={[Function]}
      role="menu"
      style={
        Object {
          "display": "none",
        }
      }
      tabIndex="-1"
    />
  </div>
</ContextMenu>
`;

exports[`ContextMenu tests does not shows when event with incorrect "id" is triggered 2`] = `
<ContextMenu
  className=""
  data={Object {}}
  hideOnLeave={false}
  hideOnScroll={true}
  id="CORRECT_ID"
  onHide={[Function]}
  onMouseLeave={[Function]}
  onShow={[Function]}
>
  <div
    style={
      Object {
        "position": "relative",
      }
    }
  >
    <nav
      className="react-contextmenu react-contextmenu-root"
      onContextMenu={[Function]}
      onMouseLeave={[Function]}
      role="menu"
      style={
        Object {
          "display": "none",
        }
      }
      tabIndex="-1"
    />
  </div>
</ContextMenu>
`;

exports[`ContextMenu tests shows when event with correct "id" is triggered 1`] = `
<ContextMenu
  className=""
  data={Object {}}
  hideOnLeave={false}
  hideOnScroll={true}
  id="CORRECT_ID"
  onHide={[Function]}
  onMouseLeave={[Function]}
  onShow={[Function]}
>
  <div
    style={
      Object {
        "position": "relative",
      }
    }
  >
    <nav
      className="react-contextmenu react-contextmenu-root"
      onContextMenu={[Function]}
      onMouseLeave={[Function]}
      role="menu"
      style={
        Object {
          "display": "none",
        }
      }
      tabIndex="-1"
    />
  </div>
</ContextMenu>
`;

exports[`ContextMenu tests shows when event with correct "id" is triggered 2`] = `
<ContextMenu
  className=""
  data={Object {}}
  hideOnLeave={false}
  hideOnScroll={true}
  id="CORRECT_ID"
  onHide={[Function]}
  onMouseLeave={[Function]}
  onShow={[Function]}
>
  <div
    style={
      Object {
        "position": "relative",
      }
    }
  >
    <nav
      className="react-contextmenu react-contextmenu-root"
      onContextMenu={[Function]}
      onMouseLeave={[Function]}
      role="menu"
      style={
        Object {
          "display": "none",
        }
      }
      tabIndex="-1"
    />
  </div>
</ContextMenu>
`;
